###############################################################################
#
# IAR ELF Linker V8.40.1.212/W32 for ARM                  20/Aug/2021  13:04:04
# Copyright 2007-2019 IAR Systems AB.
#
#    Output file  =
#        D:\Documents\probe_platform\Projects_Output\F4\F4\Exe\platform.out
#    Map file     =
#        D:\Documents\probe_platform\Projects_Output\F4\List\platform.map
#    Command line =
#        -f C:\Users\user\AppData\Local\Temp\EWFBB8.tmp
#        (D:\Documents\probe_platform\Projects_Output\F4\Obj\ADC.o
#        D:\Documents\probe_platform\Projects_Output\F4\Obj\clock.o
#        D:\Documents\probe_platform\Projects_Output\F4\Obj\gpio.o
#        D:\Documents\probe_platform\Projects_Output\F4\Obj\main.o
#        D:\Documents\probe_platform\Projects_Output\F4\Obj\misc.o
#        D:\Documents\probe_platform\Projects_Output\F4\Obj\SPI.o
#        D:\Documents\probe_platform\Projects_Output\F4\Obj\startup_stm32f411xe.o
#        D:\Documents\probe_platform\Projects_Output\F4\Obj\stm32f4xx_adc.o
#        D:\Documents\probe_platform\Projects_Output\F4\Obj\stm32f4xx_can.o
#        D:\Documents\probe_platform\Projects_Output\F4\Obj\stm32f4xx_crc.o
#        D:\Documents\probe_platform\Projects_Output\F4\Obj\stm32f4xx_cryp.o
#        D:\Documents\probe_platform\Projects_Output\F4\Obj\stm32f4xx_cryp_aes.o
#        D:\Documents\probe_platform\Projects_Output\F4\Obj\stm32f4xx_cryp_des.o
#        D:\Documents\probe_platform\Projects_Output\F4\Obj\stm32f4xx_cryp_tdes.o
#        D:\Documents\probe_platform\Projects_Output\F4\Obj\stm32f4xx_dac.o
#        D:\Documents\probe_platform\Projects_Output\F4\Obj\stm32f4xx_dbgmcu.o
#        D:\Documents\probe_platform\Projects_Output\F4\Obj\stm32f4xx_dcmi.o
#        D:\Documents\probe_platform\Projects_Output\F4\Obj\stm32f4xx_dfsdm.o
#        D:\Documents\probe_platform\Projects_Output\F4\Obj\stm32f4xx_dma.o
#        D:\Documents\probe_platform\Projects_Output\F4\Obj\stm32f4xx_dma2d.o
#        D:\Documents\probe_platform\Projects_Output\F4\Obj\stm32f4xx_exti.o
#        D:\Documents\probe_platform\Projects_Output\F4\Obj\stm32f4xx_flash.o
#        D:\Documents\probe_platform\Projects_Output\F4\Obj\stm32f4xx_flash_ramfunc.o
#        D:\Documents\probe_platform\Projects_Output\F4\Obj\stm32f4xx_fmpi2c.o
#        D:\Documents\probe_platform\Projects_Output\F4\Obj\stm32f4xx_gpio.o
#        D:\Documents\probe_platform\Projects_Output\F4\Obj\stm32f4xx_hash.o
#        D:\Documents\probe_platform\Projects_Output\F4\Obj\stm32f4xx_hash_md5.o
#        D:\Documents\probe_platform\Projects_Output\F4\Obj\stm32f4xx_hash_sha1.o
#        D:\Documents\probe_platform\Projects_Output\F4\Obj\stm32f4xx_i2c.o
#        D:\Documents\probe_platform\Projects_Output\F4\Obj\stm32f4xx_it.o
#        D:\Documents\probe_platform\Projects_Output\F4\Obj\stm32f4xx_iwdg.o
#        D:\Documents\probe_platform\Projects_Output\F4\Obj\stm32f4xx_lptim.o
#        D:\Documents\probe_platform\Projects_Output\F4\Obj\stm32f4xx_ltdc.o
#        D:\Documents\probe_platform\Projects_Output\F4\Obj\stm32f4xx_pwr.o
#        D:\Documents\probe_platform\Projects_Output\F4\Obj\stm32f4xx_rcc.o
#        D:\Documents\probe_platform\Projects_Output\F4\Obj\stm32f4xx_rng.o
#        D:\Documents\probe_platform\Projects_Output\F4\Obj\stm32f4xx_rtc.o
#        D:\Documents\probe_platform\Projects_Output\F4\Obj\stm32f4xx_sai.o
#        D:\Documents\probe_platform\Projects_Output\F4\Obj\stm32f4xx_sdio.o
#        D:\Documents\probe_platform\Projects_Output\F4\Obj\stm32f4xx_spdifrx.o
#        D:\Documents\probe_platform\Projects_Output\F4\Obj\stm32f4xx_spi.o
#        D:\Documents\probe_platform\Projects_Output\F4\Obj\stm32f4xx_syscfg.o
#        D:\Documents\probe_platform\Projects_Output\F4\Obj\stm32f4xx_tim.o
#        D:\Documents\probe_platform\Projects_Output\F4\Obj\stm32f4xx_usart.o
#        D:\Documents\probe_platform\Projects_Output\F4\Obj\stm32f4xx_wwdg.o
#        D:\Documents\probe_platform\Projects_Output\F4\Obj\sx126x.o
#        D:\Documents\probe_platform\Projects_Output\F4\Obj\system_stm32f4xx.o
#        D:\Documents\probe_platform\Projects_Output\F4\Obj\temp_api.o
#        D:\Documents\probe_platform\Projects_Output\F4\Obj\USART.o
#        --no_out_extension -o
#        D:\Documents\probe_platform\Projects_Output\F4\F4\Exe\platform.out
#        --redirect _Printf=_PrintfFullNoMb --redirect _Scanf=_ScanfFullNoMb
#        --map D:\Documents\probe_platform\Projects_Output\F4\List\platform.map
#        --config
#        D:\Documents\probe_platform\Projects_Library\F4\stm32f4xx_flash.icf
#        --semihosting --entry __iar_program_start --vfe --text_out locale)
#
###############################################################################

*******************************************************************************
*** RUNTIME MODEL ATTRIBUTES
***

CppFlavor       = *
__SystemLibrary = DLib
__dlib_version  = 6


*******************************************************************************
*** HEAP SELECTION
***

The basic heap was selected because no calls to memory allocation
functions were found in the application outside of system library
functions, and there are calls to deallocation functions in the
application.


*******************************************************************************
*** PLACEMENT SUMMARY
***

"A0":  place at address 0x800'0000 { ro section .intvec };
"P1":  place in [from 0x800'0000 to 0x81f'ffff] { ro };
define block CSTACK with size = 1K, alignment = 8 { };
define block HEAP with size = 512, alignment = 8 { };
"P2":  place in [from 0x2000'0000 to 0x2002'ffff] {
          rw, block CSTACK, block HEAP };
initialize by copy { rw };

  Section            Kind         Address    Size  Object
  -------            ----         -------    ----  ------
"A0":                                       0x198
  .intvec            ro code   0x800'0000   0x198  startup_stm32f411xe.o [1]
                             - 0x800'0198   0x198

"P1":                                      0x1380
  .text              ro code   0x800'0198   0x260  stm32f4xx_rcc.o [1]
  .text              ro code   0x800'03f8   0x240  stm32f4xx_gpio.o [1]
  .text              ro code   0x800'0638   0x206  stm32f4xx_adc.o [1]
  .text              ro code   0x800'083e    0x2e  copy_init3.o [4]
  .text              ro code   0x800'086c   0x1f0  stm32f4xx_usart.o [1]
  .text              ro code   0x800'0a5c   0x1b4  system_stm32f4xx.o [1]
  .text              ro code   0x800'0c10   0x16e  stm32f4xx_spi.o [1]
  .text              ro code   0x800'0d80   0x12c  clock.o [1]
  .text              ro code   0x800'0eac   0x108  gpio.o [1]
  .text              ro code   0x800'0fb4    0xec  sx126x.o [1]
  .text              ro code   0x800'10a0    0xf0  ADC.o [1]
  .text              ro code   0x800'1190    0x8c  SPI.o [1]
  .text              ro code   0x800'121c    0x6e  temp_api.o [1]
  .text              ro code   0x800'128c    0x68  main.o [1]
  .text              ro code   0x800'12f4    0x14  misc.o [1]
  .text              ro code   0x800'1308    0x30  USART.o [1]
  .text              ro code   0x800'1338    0x28  data_init.o [4]
  Initializer bytes  const     0x800'1360    0x24  <for P2-1>
  .text              ro code   0x800'1384    0x22  fpinit_M.o [3]
  .iar.init_table    const     0x800'13a8    0x14  - Linker created -
  .text              ro code   0x800'13bc    0x1e  cmain.o [4]
  .text              ro code   0x800'13da     0x4  low_level_init.o [2]
  .text              ro code   0x800'13de     0x4  exit.o [2]
  .text              ro code   0x800'13e4     0xa  cexit.o [4]
  .text              ro code   0x800'13f0    0x14  exit.o [5]
  .text              ro code   0x800'1404    0x10  startup_stm32f411xe.o [1]
  .text              ro code   0x800'1414     0xc  stm32f4xx_it.o [1]
  .text              ro code   0x800'1420     0xc  cstartup_M.o [4]
  .text              ro code   0x800'142c     0x4  startup_stm32f411xe.o [1]
  .text              ro code   0x800'1430     0x4  startup_stm32f411xe.o [1]
  .text              ro code   0x800'1434     0x4  startup_stm32f411xe.o [1]
  .text              ro code   0x800'1438     0x4  startup_stm32f411xe.o [1]
  .text              ro code   0x800'143c     0x4  startup_stm32f411xe.o [1]
  .text              ro code   0x800'1440     0x4  startup_stm32f411xe.o [1]
  .text              ro code   0x800'1444     0x4  startup_stm32f411xe.o [1]
  .text              ro code   0x800'1448     0x4  startup_stm32f411xe.o [1]
  .text              ro code   0x800'144c     0x4  startup_stm32f411xe.o [1]
  .text              ro code   0x800'1450     0x4  startup_stm32f411xe.o [1]
  .text              ro code   0x800'1454     0x4  startup_stm32f411xe.o [1]
  .text              ro code   0x800'1458     0x4  startup_stm32f411xe.o [1]
  .text              ro code   0x800'145c     0x4  startup_stm32f411xe.o [1]
  .text              ro code   0x800'1460     0x4  startup_stm32f411xe.o [1]
  .text              ro code   0x800'1464     0x4  startup_stm32f411xe.o [1]
  .text              ro code   0x800'1468     0x4  startup_stm32f411xe.o [1]
  .text              ro code   0x800'146c     0x4  startup_stm32f411xe.o [1]
  .text              ro code   0x800'1470     0x4  startup_stm32f411xe.o [1]
  .text              ro code   0x800'1474     0x4  startup_stm32f411xe.o [1]
  .text              ro code   0x800'1478     0x4  startup_stm32f411xe.o [1]
  .text              ro code   0x800'147c     0x4  startup_stm32f411xe.o [1]
  .text              ro code   0x800'1480     0x4  startup_stm32f411xe.o [1]
  .text              ro code   0x800'1484     0x4  startup_stm32f411xe.o [1]
  .text              ro code   0x800'1488     0x4  startup_stm32f411xe.o [1]
  .text              ro code   0x800'148c     0x4  startup_stm32f411xe.o [1]
  .text              ro code   0x800'1490     0x4  startup_stm32f411xe.o [1]
  .text              ro code   0x800'1494     0x4  startup_stm32f411xe.o [1]
  .text              ro code   0x800'1498     0x4  startup_stm32f411xe.o [1]
  .text              ro code   0x800'149c     0x4  startup_stm32f411xe.o [1]
  .text              ro code   0x800'14a0     0x4  startup_stm32f411xe.o [1]
  .text              ro code   0x800'14a4     0x4  startup_stm32f411xe.o [1]
  .text              ro code   0x800'14a8     0x4  startup_stm32f411xe.o [1]
  .text              ro code   0x800'14ac     0x4  startup_stm32f411xe.o [1]
  .text              ro code   0x800'14b0     0x4  startup_stm32f411xe.o [1]
  .text              ro code   0x800'14b4     0x4  startup_stm32f411xe.o [1]
  .text              ro code   0x800'14b8     0x4  startup_stm32f411xe.o [1]
  .text              ro code   0x800'14bc     0x4  startup_stm32f411xe.o [1]
  .text              ro code   0x800'14c0     0x4  startup_stm32f411xe.o [1]
  .text              ro code   0x800'14c4     0x4  startup_stm32f411xe.o [1]
  .text              ro code   0x800'14c8     0x4  startup_stm32f411xe.o [1]
  .text              ro code   0x800'14cc     0x4  startup_stm32f411xe.o [1]
  .text              ro code   0x800'14d0     0x4  startup_stm32f411xe.o [1]
  .text              ro code   0x800'14d4     0x4  startup_stm32f411xe.o [1]
  .text              ro code   0x800'14d8     0x4  startup_stm32f411xe.o [1]
  .text              ro code   0x800'14dc     0x4  startup_stm32f411xe.o [1]
  .text              ro code   0x800'14e0     0x4  startup_stm32f411xe.o [1]
  .text              ro code   0x800'14e4     0x4  startup_stm32f411xe.o [1]
  .text              ro code   0x800'14e8     0x4  startup_stm32f411xe.o [1]
  .text              ro code   0x800'14ec     0x4  startup_stm32f411xe.o [1]
  .text              ro code   0x800'14f0     0x4  startup_stm32f411xe.o [1]
  .text              ro code   0x800'14f4     0x4  startup_stm32f411xe.o [1]
  .text              ro code   0x800'14f8     0x4  startup_stm32f411xe.o [1]
  .text              ro code   0x800'14fc     0x4  startup_stm32f411xe.o [1]
  .text              ro code   0x800'1500     0x4  startup_stm32f411xe.o [1]
  .text              ro code   0x800'1504     0x4  startup_stm32f411xe.o [1]
  .text              ro code   0x800'1508     0x4  startup_stm32f411xe.o [1]
  .text              ro code   0x800'150c     0x4  startup_stm32f411xe.o [1]
  .text              ro code   0x800'1510     0x4  startup_stm32f411xe.o [1]
  .text              ro code   0x800'1514     0x4  startup_stm32f411xe.o [1]
  .rodata            const     0x800'1518     0x0  copy_init3.o [4]
                             - 0x800'1518  0x1380

"P2", part 1 of 2:                           0x24
  P2-1                        0x2000'0000    0x24  <Init block>
    .data            inited   0x2000'0000    0x10  stm32f4xx_rcc.o [1]
    .data            inited   0x2000'0010     0x4  system_stm32f4xx.o [1]
    .data            inited   0x2000'0014    0x10  system_stm32f4xx.o [1]
                            - 0x2000'0024    0x24

"P2", part 2 of 2:                          0x400
  CSTACK                      0x2000'0028   0x400  <Block>
    CSTACK           uninit   0x2000'0028   0x400  <Block tail>
                            - 0x2000'0428   0x400

Unused ranges:

         From           To       Size
         ----           --       ----
   0x800'1518   0x81f'ffff  0x1f'eae8
  0x2000'0024  0x2000'0027        0x4
  0x2000'0428  0x2002'ffff   0x2'fbd8


*******************************************************************************
*** INIT TABLE
***

          Address      Size
          -------      ----
Copy (__iar_copy_init3)
    1 source range, total size 0x24:
           0x800'1360  0x24
    1 destination range, total size 0x24:
          0x2000'0000  0x24



*******************************************************************************
*** MODULE SUMMARY
***

    Module                 ro code  ro data  rw data
    ------                 -------  -------  -------
command line/config:
    ------------------------------------------------
    Total:

D:\Documents\probe_platform\Projects_Output\F4\Obj: [1]
    ADC.o                      240
    SPI.o                      140
    USART.o                     48
    clock.o                    300
    gpio.o                     264
    main.o                     104
    misc.o                      20
    startup_stm32f411xe.o      660
    stm32f4xx_adc.o            518
    stm32f4xx_gpio.o           576
    stm32f4xx_it.o              12
    stm32f4xx_rcc.o            608       16       16
    stm32f4xx_spi.o            366
    stm32f4xx_usart.o          496
    sx126x.o                   236
    system_stm32f4xx.o         436       20       20
    temp_api.o                 110
    ------------------------------------------------
    Total:                   5'134       36       36

dl7M_tln.a: [2]
    exit.o                       4
    low_level_init.o             4
    ------------------------------------------------
    Total:                       8

m7M_tls.a: [3]
    fpinit_M.o                  34
    ------------------------------------------------
    Total:                      34

rt7M_tl.a: [4]
    cexit.o                     10
    cmain.o                     30
    copy_init3.o                46
    cstartup_M.o                12
    data_init.o                 40
    ------------------------------------------------
    Total:                     138

shb_l.a: [5]
    exit.o                      20
    ------------------------------------------------
    Total:                      20

    Gaps                         8        2
    Linker created                       20    1'024
----------------------------------------------------
    Grand Total:             5'342       58    1'060


*******************************************************************************
*** ENTRY LIST
***

Entry                       Address   Size  Type      Object
-----                       -------   ----  ----      ------
.iar.init_table$$Base    0x800'13a8          --   Gb  - Linker created -
.iar.init_table$$Limit   0x800'13bc          --   Gb  - Linker created -
?main                    0x800'13bd         Code  Gb  cmain.o [4]
ADC1_Busy                0x800'117b    0xa  Code  Gb  ADC.o [1]
ADC1_Init                0x800'10a1   0x44  Code  Gb  ADC.o [1]
ADC_Cmd                  0x800'06ed   0x1a  Code  Gb  stm32f4xx_adc.o [1]
ADC_CommonInit           0x800'06b9   0x22  Code  Gb  stm32f4xx_adc.o [1]
ADC_CommonStructInit     0x800'06db   0x12  Code  Gb  stm32f4xx_adc.o [1]
ADC_DeInit               0x800'0639   0x18  Code  Gb  stm32f4xx_adc.o [1]
ADC_GetFlagStatus        0x800'082b   0x14  Code  Gb  stm32f4xx_adc.o [1]
ADC_ITConfig             0x800'0809   0x22  Code  Gb  stm32f4xx_adc.o [1]
ADC_Init                 0x800'0651   0x4a  Code  Gb  stm32f4xx_adc.o [1]
ADC_RegularChannelConfig
                         0x800'0725   0xd4  Code  Gb  stm32f4xx_adc.o [1]
ADC_StructInit           0x800'069b   0x1e  Code  Gb  stm32f4xx_adc.o [1]
ADC_TempMeasure          0x800'1133   0x48  Code  Gb  ADC.o [1]
ADC_TempSensorVrefintCmd
                         0x800'0707   0x1e  Code  Gb  stm32f4xx_adc.o [1]
ADC_VrefMeasure          0x800'10e5   0x4e  Code  Gb  ADC.o [1]
AHBPrescTable           0x2000'0014   0x10  Data  Gb  system_stm32f4xx.o [1]
APBAHBPrescTable        0x2000'0000   0x10  Data  Lc  stm32f4xx_rcc.o [1]
BusFault_Handler         0x800'141b    0x2  Code  Gb  stm32f4xx_it.o [1]
CSTACK$$Base            0x2000'0028          --   Gb  - Linker created -
CSTACK$$Limit           0x2000'0428          --   Gb  - Linker created -
DebugMon_Handler         0x800'141f    0x2  Code  Gb  stm32f4xx_it.o [1]
GPIO_DeInit              0x800'03f9  0x116  Code  Gb  stm32f4xx_gpio.o [1]
GPIO_Init                0x800'053d   0xa8  Code  Gb  stm32f4xx_gpio.o [1]
GPIO_PinAFConfig         0x800'05e5   0x54  Code  Gb  stm32f4xx_gpio.o [1]
GetMCU_Temp              0x800'121d   0x6e  Code  Gb  temp_api.o [1]
HSE_Init                 0x800'0de9   0xac  Code  Gb  clock.o [1]
HardFault_Handler        0x800'1417    0x2  Code  Gb  stm32f4xx_it.o [1]
LSE_Init                 0x800'0d81   0x68  Code  Gb  clock.o [1]
LoRa_Init                0x800'0fe5    0xa  Code  Gb  sx126x.o [1]
LoRa_PinsInit            0x800'0fef   0x7e  Code  Gb  sx126x.o [1]
MemManage_Handler        0x800'1419    0x2  Code  Gb  stm32f4xx_it.o [1]
MyGPIO_Init              0x800'0ead   0x3a  Code  Gb  gpio.o [1]
NMI_Handler              0x800'1415    0x2  Code  Gb  stm32f4xx_it.o [1]
NVIC_ClearPendingIRQ     0x800'0fb5   0x14  Code  Lc  sx126x.o [1]
NVIC_PriorityGroupConfig
                         0x800'12f5    0xa  Code  Gb  misc.o [1]
RCC_AHB1PeriphClockCmd   0x800'0307   0x1c  Code  Gb  stm32f4xx_rcc.o [1]
RCC_AHB1PeriphResetCmd   0x800'035b   0x1c  Code  Gb  stm32f4xx_rcc.o [1]
RCC_APB1PeriphClockCmd   0x800'0323   0x1c  Code  Gb  stm32f4xx_rcc.o [1]
RCC_APB1PeriphResetCmd   0x800'0377   0x1c  Code  Gb  stm32f4xx_rcc.o [1]
RCC_APB2PeriphClockCmd   0x800'033f   0x1c  Code  Gb  stm32f4xx_rcc.o [1]
RCC_APB2PeriphResetCmd   0x800'0393   0x1c  Code  Gb  stm32f4xx_rcc.o [1]
RCC_DeInit               0x800'0199   0x4c  Code  Gb  stm32f4xx_rcc.o [1]
RCC_GetClocksFreq        0x800'024f   0xb8  Code  Gb  stm32f4xx_rcc.o [1]
RCC_HCLKConfig           0x800'0217   0x12  Code  Gb  stm32f4xx_rcc.o [1]
RCC_PCLK1Config          0x800'0229   0x12  Code  Gb  stm32f4xx_rcc.o [1]
RCC_PCLK2Config          0x800'023b   0x14  Code  Gb  stm32f4xx_rcc.o [1]
RCC_PLLConfig            0x800'01e5   0x20  Code  Gb  stm32f4xx_rcc.o [1]
RCC_SYSCLKConfig         0x800'0205   0x12  Code  Gb  stm32f4xx_rcc.o [1]
Region$$Table$$Base      0x800'13a8          --   Gb  - Linker created -
Region$$Table$$Limit     0x800'13bc          --   Gb  - Linker created -
SPI3_IRQHandler          0x800'106d   0x20  Code  Gb  sx126x.o [1]
SPI3_Init                0x800'1191   0x64  Code  Gb  SPI.o [1]
SPI3_send_data           0x800'11f5   0x24  Code  Gb  SPI.o [1]
SPI_Cmd                  0x800'0d11   0x1c  Code  Gb  stm32f4xx_spi.o [1]
SPI_I2S_DeInit           0x800'0c11   0xaa  Code  Gb  stm32f4xx_spi.o [1]
SPI_I2S_GetFlagStatus    0x800'0d31   0x12  Code  Gb  stm32f4xx_spi.o [1]
SPI_I2S_GetITStatus      0x800'0d43   0x3c  Code  Gb  stm32f4xx_spi.o [1]
SPI_I2S_SendData         0x800'0d2d    0x4  Code  Gb  stm32f4xx_spi.o [1]
SPI_Init                 0x800'0cbb   0x3e  Code  Gb  stm32f4xx_spi.o [1]
SPI_pins_init            0x800'0f61   0x48  Code  Lc  gpio.o [1]
SetSysClock              0x800'0b25   0xa6  Code  Lc  system_stm32f4xx.o [1]
SystemCoreClock         0x2000'0010    0x4  Data  Gb  system_stm32f4xx.o [1]
SystemCoreClockUpdate    0x800'0aa3   0x82  Code  Gb  system_stm32f4xx.o [1]
SystemInit               0x800'0a5d   0x46  Code  Gb  system_stm32f4xx.o [1]
USART1_Init              0x800'1309   0x2a  Code  Gb  USART.o [1]
USART_12_pins_init       0x800'0ee7   0x7a  Code  Lc  gpio.o [1]
USART_Cmd                0x800'0a41   0x1c  Code  Gb  stm32f4xx_usart.o [1]
USART_DeInit             0x800'086d   0xda  Code  Gb  stm32f4xx_usart.o [1]
USART_Init               0x800'0947   0xb8  Code  Gb  stm32f4xx_usart.o [1]
USART_StructInit         0x800'0a25   0x1c  Code  Gb  stm32f4xx_usart.o [1]
UsageFault_Handler       0x800'141d    0x2  Code  Gb  stm32f4xx_it.o [1]
__cmain                  0x800'13bd         Code  Gb  cmain.o [4]
__exit                   0x800'13f1   0x14  Code  Gb  exit.o [5]
__iar_copy_init3         0x800'083f   0x2e  Code  Gb  copy_init3.o [4]
__iar_data_init3         0x800'1339   0x28  Code  Gb  data_init.o [4]
__iar_init_vfp           0x800'1385         Code  Gb  fpinit_M.o [3]
__iar_program_start      0x800'1421         Code  Gb  cstartup_M.o [4]
__low_level_init         0x800'13db    0x4  Code  Gb  low_level_init.o [2]
__vector_table           0x800'0000         Data  Gb  startup_stm32f411xe.o [1]
_call_main               0x800'13c9         Code  Gb  cmain.o [4]
_exit                    0x800'13e5         Code  Gb  cexit.o [4]
_main                    0x800'13d7         Code  Gb  cmain.o [4]
exit                     0x800'13df    0x4  Code  Gb  exit.o [2]
main                     0x800'128d   0x68  Code  Gb  main.o [1]
reset                    0x800'0fc9   0x1c  Code  Gb  sx126x.o [1]


[1] = D:\Documents\probe_platform\Projects_Output\F4\Obj
[2] = dl7M_tln.a
[3] = m7M_tls.a
[4] = rt7M_tl.a
[5] = shb_l.a

  5'342 bytes of readonly  code memory
     58 bytes of readonly  data memory
  1'060 bytes of readwrite data memory

Errors: none
Warnings: none
